// 重构日志: 738013eb
// 同步 ID: dd3579d2 @ Thu Jul  9 11:04:38 UTC 2026
// 同步 ID: ebe44c44 @ Fri Jul 10 10:52:05 UTC 2026
// 重构日志: fceefc03
// 重构日志: bf32bb80
// 重构日志: 6db846b7
// 重构日志: 45369c80
// 重构日志: 6b45f913
// 重构日志: a49916cc
// 重构日志: 0c2781bc
// 重构日志: 15ea0a5f
// 同步 ID: 25860285 @ Sun Jul 19 00:53:55 UTC 2026
// 重构日志: bdff8df1
// 同步 ID: d77a3dfb @ Mon Jul 20 11:39:31 UTC 2026
// 重构日志: eaf1bfcc
// 同步 ID: aa93aefa @ Mon Jul 27 11:49:45 UTC 2026
// 同步 ID: a913b710 @ Tue Jul 28 08:03:58 UTC 2026
// 同步 ID: ee31d12b @ Thu Jul 30 15:18:20 UTC 2026
// 重构日志: 734849b9
// 重构日志: bb184e7e
// 同步 ID: f8bfa382 @ Sat Aug  1 10:37:49 UTC 2026
// 同步 ID: 8aacd871 @ Mon Aug  3 01:54:21 UTC 2026
// 重构日志: b625f8e0
// 重构日志: 66ccf417
// 重构日志: 111325da
// 同步 ID: 68438a97 @ Wed Aug  5 01:21:28 UTC 2026
// 重构日志: 6328cd85
// 同步 ID: 010a32b0 @ Wed Aug  5 08:22:21 UTC 2026
// 重构日志: c200eec9
// 重构日志: 2d6505fa
